[0.001s][warning][os,container] Cgroup memory controller path at '/sys/fs/cgroup' seems to have moved to '/../../jupyter-children', detected limits won't be accurate
[0.001s][warning][os,container] Cgroup cpu controller path at '/sys/fs/cgroup' seems to have moved to '/../../jupyter-children', detected limits won't be accurate
[INFO] Scanning for projects...
[INFO] 
[INFO] ----------------------< com.wellsfargo:counselor >----------------------
[INFO] Building wells-fargo-task-2 0.0.1-SNAPSHOT
[INFO] --------------------------------[ jar ]---------------------------------
[INFO] 
[INFO] >>> spring-boot-maven-plugin:3.0.4:run (default-cli) > test-compile @ counselor >>>
[INFO] 
[INFO] --- maven-resources-plugin:3.3.0:resources (default-resources) @ counselor ---
[INFO] Copying 1 resource
[INFO] Copying 0 resource
[INFO] 
[INFO] --- maven-compiler-plugin:3.10.1:compile (default-compile) @ counselor ---
[INFO] Changes detected - recompiling the module!
[INFO] Compiling 9 source files to /content/wells-fargo-task-2/target/classes
[INFO] 
[INFO] --- maven-resources-plugin:3.3.0:testResources (default-testResources) @ counselor ---
[INFO] skip non existing resourceDirectory /content/wells-fargo-task-2/src/test/resources
[INFO] 
[INFO] --- maven-compiler-plugin:3.10.1:testCompile (default-testCompile) @ counselor ---
[INFO] No sources to compile
[INFO] 
[INFO] <<< spring-boot-maven-plugin:3.0.4:run (default-cli) < test-compile @ counselor <<<
[INFO] 
[INFO] 
[INFO] --- spring-boot-maven-plugin:3.0.4:run (default-cli) @ counselor ---
[INFO] Attaching agents: []
[0.001s][warning][os,container] Cgroup memory controller path at '/sys/fs/cgroup' seems to have moved to '/../../jupyter-children', detected limits won't be accurate
[0.001s][warning][os,container] Cgroup cpu controller path at '/sys/fs/cgroup' seems to have moved to '/../../jupyter-children', detected limits won't be accurate

  .   ____          _            __ _ _
 /\\ / ___'_ __ _ _(_)_ __  __ _ \ \ \ \
( ( )\___ | '_ | '_| | '_ \/ _` | \ \ \ \
 \\/  ___)| |_)| | | | | || (_| |  ) ) ) )
  '  |____| .__|_| |_|_| |_\__, | / / / /
 =========|_|==============|___/=/_/_/_/
 :: Spring Boot ::                (v3.0.4)

2026-08-12T06:04:42.503Z  INFO 25020 --- [           main] com.wellsfargo.counselor.Entrypoint      : Starting Entrypoint using Java 21.0.11 with PID 25020 (/content/wells-fargo-task-2/target/classes started by root in /content/wells-fargo-task-2)
2026-08-12T06:04:42.513Z  INFO 25020 --- [           main] com.wellsfargo.counselor.Entrypoint      : No active profile set, falling back to 1 default profile: "default"
2026-08-12T06:04:43.356Z  INFO 25020 --- [           main] .s.d.r.c.RepositoryConfigurationDelegate : Bootstrapping Spring Data JPA repositories in DEFAULT mode.
2026-08-12T06:04:43.425Z  INFO 25020 --- [           main] .s.d.r.c.RepositoryConfigurationDelegate : Finished Spring Data repository scanning in 60 ms. Found 4 JPA repository interfaces.
2026-08-12T06:04:44.146Z  INFO 25020 --- [           main] o.s.b.w.embedded.tomcat.TomcatWebServer  : Tomcat initialized with port(s): 8081 (http)
2026-08-12T06:04:44.158Z  INFO 25020 --- [           main] o.apache.catalina.core.StandardService   : Starting service [Tomcat]
2026-08-12T06:04:44.158Z  INFO 25020 --- [           main] o.apache.catalina.core.StandardEngine    : Starting Servlet engine: [Apache Tomcat/10.1.5]
2026-08-12T06:04:44.266Z  INFO 25020 --- [           main] o.a.c.c.C.[Tomcat].[localhost].[/]       : Initializing Spring embedded WebApplicationContext
2026-08-12T06:04:44.269Z  INFO 25020 --- [           main] w.s.c.ServletWebServerApplicationContext : Root WebApplicationContext: initialization completed in 1636 ms
2026-08-12T06:04:44.444Z  INFO 25020 --- [           main] com.zaxxer.hikari.HikariDataSource       : HikariPool-1 - Starting...
2026-08-12T06:04:44.652Z  INFO 25020 --- [           main] com.zaxxer.hikari.pool.HikariPool        : HikariPool-1 - Added connection conn0: url=jdbc:h2:mem:ab30f544-7076-4073-86a3-41e10413cf59 user=SA
2026-08-12T06:04:44.654Z  INFO 25020 --- [           main] com.zaxxer.hikari.HikariDataSource       : HikariPool-1 - Start completed.
2026-08-12T06:04:44.704Z  INFO 25020 --- [           main] o.hibernate.jpa.internal.util.LogHelper  : HHH000204: Processing PersistenceUnitInfo [name: default]
2026-08-12T06:04:44.766Z  INFO 25020 --- [           main] org.hibernate.Version                    : HHH000412: Hibernate ORM core version 6.1.7.Final
2026-08-12T06:04:45.102Z  INFO 25020 --- [           main] SQL dialect                              : HHH000400: Using dialect: org.hibernate.dialect.H2Dialect
2026-08-12T06:04:46.023Z  INFO 25020 --- [           main] o.h.e.t.j.p.i.JtaPlatformInitiator       : HHH000490: Using JtaPlatform implementation: [org.hibernate.engine.transaction.jta.platform.internal.NoJtaPlatform]
2026-08-12T06:04:46.032Z  INFO 25020 --- [           main] j.LocalContainerEntityManagerFactoryBean : Initialized JPA EntityManagerFactory for persistence unit 'default'
2026-08-12T06:04:46.088Z  WARN 25020 --- [           main] JpaBaseConfiguration$JpaWebConfiguration : spring.jpa.open-in-view is enabled by default. Therefore, database queries may be performed during view rendering. Explicitly configure spring.jpa.open-in-view to disable this warning
2026-08-12T06:04:47.257Z  INFO 25020 --- [           main] o.s.b.w.embedded.tomcat.TomcatWebServer  : Tomcat started on port(s): 8081 (http) with context path ''
2026-08-12T06:04:47.271Z  INFO 25020 --- [           main] com.wellsfargo.counselor.Entrypoint      : Started Entrypoint in 5.251 seconds (process running for 5.651)
2026-08-12T06:05:04.672Z  INFO 25020 --- [nio-8081-exec-1] o.a.c.c.C.[Tomcat].[localhost].[/]       : Initializing Spring DispatcherServlet 'dispatcherServlet'
2026-08-12T06:05:04.673Z  INFO 25020 --- [nio-8081-exec-1] o.s.web.servlet.DispatcherServlet        : Initializing Servlet 'dispatcherServlet'
2026-08-12T06:05:04.676Z  INFO 25020 --- [nio-8081-exec-1] o.s.web.servlet.DispatcherServlet        : Completed initialization in 3 ms
